// Jest Snapshot v1, https://goo.gl/fbAQLP

exports[`renders at all 1`] = `<myApp />`;
